[debug] [2026-05-28T06:41:17.527Z] ----------------------------------------------------------------------
[debug] [2026-05-28T06:41:17.530Z] Command:       C:\Program Files\nodejs\node.exe C:\Users\Admin\AppData\Roaming\npm\node_modules\firebase-tools\lib\bin\firebase.js apps:list --project beequeensite
[debug] [2026-05-28T06:41:17.531Z] CLI Version:   15.19.0
[debug] [2026-05-28T06:41:17.531Z] Platform:      win32
[debug] [2026-05-28T06:41:17.531Z] Node Version:  v24.14.0
[debug] [2026-05-28T06:41:17.531Z] Time:          Thu May 28 2026 12:11:17 GMT+0530 (India Standard Time)
[debug] [2026-05-28T06:41:17.531Z] ----------------------------------------------------------------------
[debug] 
[debug] [2026-05-28T06:41:17.559Z] > command requires scopes: ["email","openid","https://www.googleapis.com/auth/cloudplatformprojects.readonly","https://www.googleapis.com/auth/firebase","https://www.googleapis.com/auth/cloud-platform"]
[debug] [2026-05-28T06:41:17.559Z] > authorizing via signed-in user (beequeensareespa@gmail.com)
[debug] [2026-05-28T06:41:17.563Z] Checked if tokens are valid: true, expires at: 1779953284595
[debug] [2026-05-28T06:41:17.564Z] Checked if tokens are valid: true, expires at: 1779953284595
[debug] [2026-05-28T06:41:17.566Z] >>> [apiv2][query] GET https://firebase.googleapis.com/v1beta1/projects/beequeensite:searchApps pageSize=100
[debug] [2026-05-28T06:41:18.932Z] <<< [apiv2][status] GET https://firebase.googleapis.com/v1beta1/projects/beequeensite:searchApps 200
[debug] [2026-05-28T06:41:26.563Z] ----------------------------------------------------------------------
[debug] [2026-05-28T06:41:26.568Z] Command:       C:\Program Files\nodejs\node.exe C:\Users\Admin\AppData\Roaming\npm\node_modules\firebase-tools\lib\bin\firebase.js apps:create web BeeQueen --project beequeensite
[debug] [2026-05-28T06:41:26.568Z] CLI Version:   15.19.0
[debug] [2026-05-28T06:41:26.569Z] Platform:      win32
[debug] [2026-05-28T06:41:26.569Z] Node Version:  v24.14.0
[debug] [2026-05-28T06:41:26.569Z] Time:          Thu May 28 2026 12:11:26 GMT+0530 (India Standard Time)
[debug] [2026-05-28T06:41:26.569Z] ----------------------------------------------------------------------
[debug] 
[debug] [2026-05-28T06:41:26.591Z] > command requires scopes: ["email","openid","https://www.googleapis.com/auth/cloudplatformprojects.readonly","https://www.googleapis.com/auth/firebase","https://www.googleapis.com/auth/cloud-platform"]
[debug] [2026-05-28T06:41:26.592Z] > authorizing via signed-in user (beequeensareespa@gmail.com)
[info] Create your WEB app in project beequeensite:
[debug] [2026-05-28T06:41:26.598Z] Checked if tokens are valid: true, expires at: 1779953284595
[debug] [2026-05-28T06:41:26.598Z] Checked if tokens are valid: true, expires at: 1779953284595
[debug] [2026-05-28T06:41:26.600Z] >>> [apiv2][query] POST https://firebase.googleapis.com/v1beta1/projects/beequeensite/webApps [none]
[debug] [2026-05-28T06:41:26.600Z] >>> [apiv2][body] POST https://firebase.googleapis.com/v1beta1/projects/beequeensite/webApps {"displayName":"BeeQueen"}
[debug] [2026-05-28T06:41:28.502Z] <<< [apiv2][status] POST https://firebase.googleapis.com/v1beta1/projects/beequeensite/webApps 200
[debug] [2026-05-28T06:41:28.502Z] <<< [apiv2][body] POST https://firebase.googleapis.com/v1beta1/projects/beequeensite/webApps {"name":"operations/workflows/YjFlM2JkYTktOGM4Ni00NDNkLWI5MDItMjY4NjUxM2IzZGFk"}
[debug] [2026-05-28T06:41:28.505Z] Checked if tokens are valid: true, expires at: 1779953284595
[debug] [2026-05-28T06:41:28.506Z] Checked if tokens are valid: true, expires at: 1779953284595
[debug] [2026-05-28T06:41:28.507Z] >>> [apiv2][query] GET https://firebase.googleapis.com/v1beta1/operations/workflows/YjFlM2JkYTktOGM4Ni00NDNkLWI5MDItMjY4NjUxM2IzZGFk [none]
[debug] [2026-05-28T06:41:29.036Z] <<< [apiv2][status] GET https://firebase.googleapis.com/v1beta1/operations/workflows/YjFlM2JkYTktOGM4Ni00NDNkLWI5MDItMjY4NjUxM2IzZGFk 200
[debug] [2026-05-28T06:41:29.036Z] <<< [apiv2][body] GET https://firebase.googleapis.com/v1beta1/operations/workflows/YjFlM2JkYTktOGM4Ni00NDNkLWI5MDItMjY4NjUxM2IzZGFk {"name":"operations/workflows/YjFlM2JkYTktOGM4Ni00NDNkLWI5MDItMjY4NjUxM2IzZGFk"}
[debug] [2026-05-28T06:41:29.537Z] [Create Web app Poller] Retrying task index 0
[debug] [2026-05-28T06:41:29.538Z] Checked if tokens are valid: true, expires at: 1779953284595
[debug] [2026-05-28T06:41:29.538Z] Checked if tokens are valid: true, expires at: 1779953284595
[debug] [2026-05-28T06:41:29.539Z] >>> [apiv2][query] GET https://firebase.googleapis.com/v1beta1/operations/workflows/YjFlM2JkYTktOGM4Ni00NDNkLWI5MDItMjY4NjUxM2IzZGFk [none]
[debug] [2026-05-28T06:41:30.226Z] <<< [apiv2][status] GET https://firebase.googleapis.com/v1beta1/operations/workflows/YjFlM2JkYTktOGM4Ni00NDNkLWI5MDItMjY4NjUxM2IzZGFk 200
[debug] [2026-05-28T06:41:30.226Z] <<< [apiv2][body] GET https://firebase.googleapis.com/v1beta1/operations/workflows/YjFlM2JkYTktOGM4Ni00NDNkLWI5MDItMjY4NjUxM2IzZGFk {"name":"operations/workflows/YjFlM2JkYTktOGM4Ni00NDNkLWI5MDItMjY4NjUxM2IzZGFk"}
[debug] [2026-05-28T06:41:31.229Z] [Create Web app Poller] Retrying task index 0
[debug] [2026-05-28T06:41:31.230Z] Checked if tokens are valid: true, expires at: 1779953284595
[debug] [2026-05-28T06:41:31.230Z] Checked if tokens are valid: true, expires at: 1779953284595
[debug] [2026-05-28T06:41:31.230Z] >>> [apiv2][query] GET https://firebase.googleapis.com/v1beta1/operations/workflows/YjFlM2JkYTktOGM4Ni00NDNkLWI5MDItMjY4NjUxM2IzZGFk [none]
[debug] [2026-05-28T06:41:31.843Z] <<< [apiv2][status] GET https://firebase.googleapis.com/v1beta1/operations/workflows/YjFlM2JkYTktOGM4Ni00NDNkLWI5MDItMjY4NjUxM2IzZGFk 200
[debug] [2026-05-28T06:41:31.844Z] <<< [apiv2][body] GET https://firebase.googleapis.com/v1beta1/operations/workflows/YjFlM2JkYTktOGM4Ni00NDNkLWI5MDItMjY4NjUxM2IzZGFk {"name":"operations/workflows/YjFlM2JkYTktOGM4Ni00NDNkLWI5MDItMjY4NjUxM2IzZGFk"}
[debug] [2026-05-28T06:41:33.845Z] [Create Web app Poller] Retrying task index 0
[debug] [2026-05-28T06:41:33.847Z] Checked if tokens are valid: true, expires at: 1779953284595
[debug] [2026-05-28T06:41:33.847Z] Checked if tokens are valid: true, expires at: 1779953284595
[debug] [2026-05-28T06:41:33.847Z] >>> [apiv2][query] GET https://firebase.googleapis.com/v1beta1/operations/workflows/YjFlM2JkYTktOGM4Ni00NDNkLWI5MDItMjY4NjUxM2IzZGFk [none]
[debug] [2026-05-28T06:41:34.501Z] <<< [apiv2][status] GET https://firebase.googleapis.com/v1beta1/operations/workflows/YjFlM2JkYTktOGM4Ni00NDNkLWI5MDItMjY4NjUxM2IzZGFk 200
[debug] [2026-05-28T06:41:42.983Z] ----------------------------------------------------------------------
[debug] [2026-05-28T06:41:42.987Z] Command:       C:\Program Files\nodejs\node.exe C:\Users\Admin\AppData\Roaming\npm\node_modules\firebase-tools\lib\bin\firebase.js apps:sdkconfig WEB 1:1051155349971:web:4e69ad637322dad16b6f26 --project beequeensite
[debug] [2026-05-28T06:41:42.987Z] CLI Version:   15.19.0
[debug] [2026-05-28T06:41:42.987Z] Platform:      win32
[debug] [2026-05-28T06:41:42.987Z] Node Version:  v24.14.0
[debug] [2026-05-28T06:41:42.987Z] Time:          Thu May 28 2026 12:11:42 GMT+0530 (India Standard Time)
[debug] [2026-05-28T06:41:42.988Z] ----------------------------------------------------------------------
[debug] 
[debug] [2026-05-28T06:41:43.010Z] > command requires scopes: ["email","openid","https://www.googleapis.com/auth/cloudplatformprojects.readonly","https://www.googleapis.com/auth/firebase","https://www.googleapis.com/auth/cloud-platform"]
[debug] [2026-05-28T06:41:43.011Z] > authorizing via signed-in user (beequeensareespa@gmail.com)
[debug] [2026-05-28T06:41:43.016Z] Checked if tokens are valid: true, expires at: 1779953284595
[debug] [2026-05-28T06:41:43.016Z] Checked if tokens are valid: true, expires at: 1779953284595
[debug] [2026-05-28T06:41:43.018Z] >>> [apiv2][query] GET https://firebase.googleapis.com/v1beta1/projects/-/webApps/1:1051155349971:web:4e69ad637322dad16b6f26/config [none]
[debug] [2026-05-28T06:41:44.440Z] <<< [apiv2][status] GET https://firebase.googleapis.com/v1beta1/projects/-/webApps/1:1051155349971:web:4e69ad637322dad16b6f26/config 200
[debug] [2026-05-28T06:43:27.480Z] ----------------------------------------------------------------------
[debug] [2026-05-28T06:43:27.485Z] Command:       C:\Program Files\nodejs\node.exe C:\Users\Admin\AppData\Roaming\npm\node_modules\firebase-tools\lib\bin\firebase.js deploy --only firestore:rules --project beequeensite
[debug] [2026-05-28T06:43:27.485Z] CLI Version:   15.19.0
[debug] [2026-05-28T06:43:27.485Z] Platform:      win32
[debug] [2026-05-28T06:43:27.485Z] Node Version:  v24.14.0
[debug] [2026-05-28T06:43:27.485Z] Time:          Thu May 28 2026 12:13:27 GMT+0530 (India Standard Time)
[debug] [2026-05-28T06:43:27.486Z] ----------------------------------------------------------------------
[debug] 
[error] 
[error] Error: Not in a Firebase app directory (could not locate firebase.json)
[debug] [2026-05-28T06:43:58.967Z] ----------------------------------------------------------------------
[debug] [2026-05-28T06:43:58.971Z] Command:       C:\Program Files\nodejs\node.exe C:\Users\Admin\AppData\Roaming\npm\node_modules\firebase-tools\lib\bin\firebase.js deploy --only firestore:rules --project beequeensite
[debug] [2026-05-28T06:43:58.971Z] CLI Version:   15.19.0
[debug] [2026-05-28T06:43:58.971Z] Platform:      win32
[debug] [2026-05-28T06:43:58.971Z] Node Version:  v24.14.0
[debug] [2026-05-28T06:43:58.971Z] Time:          Thu May 28 2026 12:13:58 GMT+0530 (India Standard Time)
[debug] [2026-05-28T06:43:58.971Z] ----------------------------------------------------------------------
[debug] 
[debug] [2026-05-28T06:44:00.387Z] > command requires scopes: ["email","openid","https://www.googleapis.com/auth/cloudplatformprojects.readonly","https://www.googleapis.com/auth/firebase","https://www.googleapis.com/auth/cloud-platform"]
[debug] [2026-05-28T06:44:00.388Z] > authorizing via signed-in user (beequeensareespa@gmail.com)
[debug] [2026-05-28T06:44:00.388Z] [iam] checking project beequeensite for permissions ["datastore.indexes.create","datastore.indexes.delete","datastore.indexes.list","datastore.indexes.update","firebase.projects.get"]
[debug] [2026-05-28T06:44:00.391Z] Checked if tokens are valid: true, expires at: 1779953284595
[debug] [2026-05-28T06:44:00.392Z] Checked if tokens are valid: true, expires at: 1779953284595
[debug] [2026-05-28T06:44:00.397Z] >>> [apiv2][query] POST https://cloudresourcemanager.googleapis.com/v1/projects/beequeensite:testIamPermissions [none]
[debug] [2026-05-28T06:44:00.397Z] >>> [apiv2][(partial)header] POST https://cloudresourcemanager.googleapis.com/v1/projects/beequeensite:testIamPermissions  x-goog-user-project=beequeensite
[debug] [2026-05-28T06:44:00.397Z] >>> [apiv2][body] POST https://cloudresourcemanager.googleapis.com/v1/projects/beequeensite:testIamPermissions {"permissions":["datastore.indexes.create","datastore.indexes.delete","datastore.indexes.list","datastore.indexes.update","firebase.projects.get"]}
[debug] [2026-05-28T06:44:01.800Z] <<< [apiv2][status] POST https://cloudresourcemanager.googleapis.com/v1/projects/beequeensite:testIamPermissions 200
[debug] [2026-05-28T06:44:01.801Z] <<< [apiv2][body] POST https://cloudresourcemanager.googleapis.com/v1/projects/beequeensite:testIamPermissions {"permissions":["datastore.indexes.create","datastore.indexes.delete","datastore.indexes.list","datastore.indexes.update","firebase.projects.get"]}
[info] 
[info] === Deploying to 'beequeensite'...
[info] 
[info] i  deploying firestore 
[info] i  firestore: ensuring required API firestore.googleapis.com is enabled... 
[info] i  firestore: ensuring required API firestore.googleapis.com is enabled... 
[debug] [2026-05-28T06:44:01.813Z] Checked if tokens are valid: true, expires at: 1779953284595
[debug] [2026-05-28T06:44:01.813Z] Checked if tokens are valid: true, expires at: 1779953284595
[debug] [2026-05-28T06:44:01.814Z] >>> [apiv2][query] GET https://firestore.googleapis.com/v1/projects/beequeensite/databases/(default) [none]
[debug] [2026-05-28T06:44:02.236Z] <<< [apiv2][status] GET https://firestore.googleapis.com/v1/projects/beequeensite/databases/(default) 200
[debug] [2026-05-28T06:44:02.237Z] <<< [apiv2][body] GET https://firestore.googleapis.com/v1/projects/beequeensite/databases/(default) {"name":"projects/beequeensite/databases/(default)","uid":"69338e90-db42-43ff-9d8e-f47a41897f3f","createTime":"2026-05-28T06:14:26.608007Z","updateTime":"2026-05-28T06:14:26.608007Z","locationId":"asia-south1","type":"FIRESTORE_NATIVE","concurrencyMode":"PESSIMISTIC","versionRetentionPeriod":"3600s","earliestVersionTime":"2026-05-28T06:14:26.608007Z","appEngineIntegrationMode":"DISABLED","keyPrefix":"j","pointInTimeRecoveryEnablement":"POINT_IN_TIME_RECOVERY_DISABLED","deleteProtectionState":"DELETE_PROTECTION_DISABLED","databaseEdition":"STANDARD","freeTier":true,"realtimeUpdatesMode":"REALTIME_UPDATES_MODE_ENABLED","etag":"IISd4PCw25QDMMbn8P+t25QD"}
[info] i  firestore: reading indexes from firestore.indexes.json... 
[info] i  cloud.firestore: checking firestore.rules for compilation errors... 
[debug] [2026-05-28T06:44:02.238Z] Checked if tokens are valid: true, expires at: 1779953284595
[debug] [2026-05-28T06:44:02.239Z] Checked if tokens are valid: true, expires at: 1779953284595
[debug] [2026-05-28T06:44:02.239Z] >>> [apiv2][query] POST https://firebaserules.googleapis.com/v1/projects/beequeensite:test [none]
[debug] [2026-05-28T06:44:02.239Z] >>> [apiv2][body] POST https://firebaserules.googleapis.com/v1/projects/beequeensite:test [omitted]
[debug] [2026-05-28T06:44:03.727Z] <<< [apiv2][status] POST https://firebaserules.googleapis.com/v1/projects/beequeensite:test 200
[debug] [2026-05-28T06:44:03.727Z] <<< [apiv2][body] POST https://firebaserules.googleapis.com/v1/projects/beequeensite:test {}
[info] +  cloud.firestore: rules file firestore.rules compiled successfully 
[debug] [2026-05-28T06:44:03.732Z] Checked if tokens are valid: true, expires at: 1779953284595
[debug] [2026-05-28T06:44:03.732Z] Checked if tokens are valid: true, expires at: 1779953284595
[debug] [2026-05-28T06:44:03.733Z] >>> [apiv2][query] GET https://firebaserules.googleapis.com/v1/projects/beequeensite/releases pageSize=10&pageToken=
[debug] [2026-05-28T06:44:05.139Z] <<< [apiv2][status] GET https://firebaserules.googleapis.com/v1/projects/beequeensite/releases 200
[debug] [2026-05-28T06:44:05.139Z] <<< [apiv2][body] GET https://firebaserules.googleapis.com/v1/projects/beequeensite/releases {"releases":[{"name":"projects/beequeensite/releases/cloud.firestore","rulesetName":"projects/beequeensite/rulesets/682d3554-6e8d-4064-ac6a-4f1b40b6ca45","createTime":"2026-05-28T06:14:32.157239Z","updateTime":"2026-05-28T06:14:32.157239Z"}]}
[debug] [2026-05-28T06:44:05.140Z] Checked if tokens are valid: true, expires at: 1779953284595
[debug] [2026-05-28T06:44:05.141Z] Checked if tokens are valid: true, expires at: 1779953284595
[debug] [2026-05-28T06:44:05.141Z] >>> [apiv2][query] GET https://firebaserules.googleapis.com/v1/projects/beequeensite/rulesets/682d3554-6e8d-4064-ac6a-4f1b40b6ca45 [none]
[debug] [2026-05-28T06:44:06.581Z] <<< [apiv2][status] GET https://firebaserules.googleapis.com/v1/projects/beequeensite/rulesets/682d3554-6e8d-4064-ac6a-4f1b40b6ca45 200
[debug] [2026-05-28T06:44:06.582Z] <<< [apiv2][body] GET https://firebaserules.googleapis.com/v1/projects/beequeensite/rulesets/682d3554-6e8d-4064-ac6a-4f1b40b6ca45 [omitted]
[info] i  firestore: uploading rules firestore.rules... 
[debug] [2026-05-28T06:44:06.585Z] Checked if tokens are valid: true, expires at: 1779953284595
[debug] [2026-05-28T06:44:06.586Z] Checked if tokens are valid: true, expires at: 1779953284595
[debug] [2026-05-28T06:44:06.586Z] >>> [apiv2][query] POST https://firebaserules.googleapis.com/v1/projects/beequeensite/rulesets [none]
[debug] [2026-05-28T06:44:06.587Z] >>> [apiv2][body] POST https://firebaserules.googleapis.com/v1/projects/beequeensite/rulesets [omitted]
[debug] [2026-05-28T06:44:08.035Z] <<< [apiv2][status] POST https://firebaserules.googleapis.com/v1/projects/beequeensite/rulesets 200
[debug] [2026-05-28T06:44:08.035Z] <<< [apiv2][body] POST https://firebaserules.googleapis.com/v1/projects/beequeensite/rulesets {"name":"projects/beequeensite/rulesets/4faabf17-81e3-449d-818e-efff21b2ff09","source":{"files":[{"content":"rules_version = '2';\nservice cloud.firestore {\n  match /databases/{database}/documents {\n    match /blog_posts/{postId} {\n      allow read: if true;\n      allow write: if true;\n    }\n  }\n}\n","name":"firestore.rules"}]},"createTime":"2026-05-28T06:44:13.739535Z","metadata":{"services":["cloud.firestore"]}}
[debug] [2026-05-28T06:44:08.036Z] [rules] created ruleset projects/beequeensite/rulesets/4faabf17-81e3-449d-818e-efff21b2ff09
[debug] [2026-05-28T06:44:08.037Z] [rules] releasing cloud.firestore with ruleset projects/beequeensite/rulesets/4faabf17-81e3-449d-818e-efff21b2ff09
[debug] [2026-05-28T06:44:08.038Z] Checked if tokens are valid: true, expires at: 1779953284595
[debug] [2026-05-28T06:44:08.038Z] Checked if tokens are valid: true, expires at: 1779953284595
[debug] [2026-05-28T06:44:08.039Z] >>> [apiv2][query] PATCH https://firebaserules.googleapis.com/v1/projects/beequeensite/releases/cloud.firestore [none]
[debug] [2026-05-28T06:44:08.039Z] >>> [apiv2][body] PATCH https://firebaserules.googleapis.com/v1/projects/beequeensite/releases/cloud.firestore {"release":{"name":"projects/beequeensite/releases/cloud.firestore","rulesetName":"projects/beequeensite/rulesets/4faabf17-81e3-449d-818e-efff21b2ff09"}}
[debug] [2026-05-28T06:44:08.469Z] <<< [apiv2][status] PATCH https://firebaserules.googleapis.com/v1/projects/beequeensite/releases/cloud.firestore 200
